 horse | average 
-------+---------
 Eddie |   22142
(1 row)
