       horse       | average 
-------------------+---------
 David Hasselhoofs |  129470
 Hoof Hearted      |   13333
 Hoofy Heart       |     200
(3 rows)
