      horse       | average 
------------------+---------
 Al Capony        |     555
 Alimony Pony     |   63809
 Edgar Allen Pony |   19210
 My Little Pony   |   57952
 Pony Montana     |      66
 Pony Soprano     |    7944
 Pony Tail        |   15789
 Pony of my Ownie |   35928
(8 rows)
