       horse       | average 
-------------------+---------
 Book Law          |   14909
 David Hasselhoofs |  129470
 Hoof Hearted      |   13333
 Hoofy Heart       |     200
 Hooves            |   27157
 Whykickamoocow    |   65210
(6 rows)
