     horse     | average 
---------------+---------
 Harry Trotter |   22555
 Hot to Trot   |   52777
 Leon Trotsky  |   29380
 Tater Trot    |   11133
(4 rows)
