      horse       | average 
------------------+---------
 Flying Fox       |   11062
 Gluteus Maximus  |     600
 Wear The Fox Hat |  115384
(3 rows)
