     horse     | average 
---------------+---------
 Reya Sunshine |  120000
 Sunstar       |   16076
(2 rows)
