      race       |        horses        
-----------------+----------------------
 Australian Oaks | F5,G2,G3,M3,M3,M3,M4
 Queensland Oaks | F4,G2,G5,M3,M4,M4,M4
 VRC Oaks        | F4,G3,M3,M3,M3,M3
(3 rows)
